<html>
<body>
<pre>
<h1>µVision Build Log</h1>
<h2>Project:</h2>
F:\51822project\Board\pca10001\uart_example\arm\uart_example.uvproj
Project File Date:  04/07/2016

<h2>Output:</h2>
Build target 'nrf51822_xxaa (256K)'
Clean started - Project: 'uart_example'
   deleting intermediate output files for target 'nrf51822_xxaa (256K)'
compiling main.c...
..\main.c(91): warning:  #177-D: variable "status" was declared but never referenced
..\main.c(55): warning:  #177-D: function "uart_quit" was declared but never referenced
compiling system_nrf51.c...
assembling startup_arm_nrf51.s...
compiling simple_uart.c...
linking...
Program Size: Code=876 RO-data=208 RW-data=4 ZI-data=2052  
".\_build\uart_example_arm.axf" - 0 Errors, 2 Warning(s).

*** Performing Cross-Module-Optimization:
compiling main.c...
..\main.c(91): warning:  #177-D: variable "status" was declared but never referenced
..\main.c(55): warning:  #177-D: function "uart_quit" was declared but never referenced
compiling system_nrf51.c...
compiling simple_uart.c...
linking...
Program Size: Code=876 RO-data=208 RW-data=4 ZI-data=2052  
FromELF: creating hex file...
".\_build\uart_example_arm.axf" - 0 Errors, 2 Warning(s).
*** Completed Cross-Module-Optimization after 2 iteration(s).
Build target 'nrf51822_xxaa (256K)'
Clean started - Project: 'uart_example'
   deleting intermediate output files for target 'nrf51822_xxaa (256K)'
compiling main.c...
..\main.c(91): warning:  #177-D: variable "status" was declared but never referenced
..\main.c(55): warning:  #177-D: function "uart_quit" was declared but never referenced
..\main.c(83): warning:  #177-D: function "uart_loopback_test" was declared but never referenced
compiling system_nrf51.c...
assembling startup_arm_nrf51.s...
compiling simple_uart.c...
compiling debug.c...
..\..\..\app\debug.h(10): error:  #5: cannot open source input file "ydy_boards_config.h": No such file or directory
compiling libc_csprintf.c...
..\..\..\app\libc_csprintf.c(3): error:  #5: cannot open source input file "libc_sprintf.h": No such file or directory
compiling sys_debug_mem.c...
..\..\..\app\debug.h(10): error:  #5: cannot open source input file "ydy_boards_config.h": No such file or directory
compiling sys_info.c...
..\..\..\app\sys_info.c(3): error:  #5: cannot open source input file "flash.h": No such file or directory
".\_build\uart_example_arm.axf" - 4 Errors, 3 Warning(s).

*** Performing Cross-Module-Optimization:
*** Feedback file '.\_build\uart_example_arm.fed' not found.
Target not created
Build target 'nrf51822_xxaa (256K)'
Clean started - Project: 'uart_example'
   deleting intermediate output files for target 'nrf51822_xxaa (256K)'
compiling main.c...
..\main.c(91): warning:  #177-D: variable "status" was declared but never referenced
..\main.c(55): warning:  #177-D: function "uart_quit" was declared but never referenced
..\main.c(83): warning:  #177-D: function "uart_loopback_test" was declared but never referenced
compiling system_nrf51.c...
assembling startup_arm_nrf51.s...
compiling simple_uart.c...
compiling debug.c...
..\..\..\app\debug.h(10): error:  #5: cannot open source input file "ydy_boards_config.h": No such file or directory
".\_build\uart_example_arm.axf" - 1 Errors, 3 Warning(s).

*** Performing Cross-Module-Optimization:
*** Feedback file '.\_build\uart_example_arm.fed' not found.
Target not created
Build target 'nrf51822_xxaa (256K)'
Clean started - Project: 'uart_example'
   deleting intermediate output files for target 'nrf51822_xxaa (256K)'
compiling main.c...
..\main.c(91): warning:  #177-D: variable "status" was declared but never referenced
..\main.c(55): warning:  #177-D: function "uart_quit" was declared but never referenced
..\main.c(83): warning:  #177-D: function "uart_loopback_test" was declared but never referenced
compiling system_nrf51.c...
assembling startup_arm_nrf51.s...
compiling simple_uart.c...
compiling debug.c...
linking...
.\_build\uart_example_arm.axf: Error: L6218E: Undefined symbol debug_uart_send_char (referred from debug.o).
".\_build\uart_example_arm.axf" - 1 Errors, 3 Warning(s).

*** Performing Cross-Module-Optimization:
*** Feedback file '.\_build\uart_example_arm.fed' not found.
Target not created
Build target 'nrf51822_xxaa (256K)'
Clean started - Project: 'uart_example'
   deleting intermediate output files for target 'nrf51822_xxaa (256K)'
compiling main.c...
..\main.c(91): warning:  #177-D: variable "status" was declared but never referenced
..\main.c(55): warning:  #177-D: function "uart_quit" was declared but never referenced
..\main.c(83): warning:  #177-D: function "uart_loopback_test" was declared but never referenced
compiling system_nrf51.c...
assembling startup_arm_nrf51.s...
compiling simple_uart.c...
linking...
Program Size: Code=616 RO-data=208 RW-data=8 ZI-data=2048  
".\_build\uart_example_arm.axf" - 0 Errors, 3 Warning(s).

*** Performing Cross-Module-Optimization:
compiling main.c...
..\main.c(91): warning:  #177-D: variable "status" was declared but never referenced
..\main.c(55): warning:  #177-D: function "uart_quit" was declared but never referenced
..\main.c(83): warning:  #177-D: function "uart_loopback_test" was declared but never referenced
compiling system_nrf51.c...
compiling simple_uart.c...
linking...
Program Size: Code=616 RO-data=208 RW-data=8 ZI-data=2048  
FromELF: creating hex file...
".\_build\uart_example_arm.axf" - 0 Errors, 3 Warning(s).
*** Completed Cross-Module-Optimization after 2 iteration(s).
Load "F:\\51822project\\Board\\pca10001\\uart_example\\arm\\_build\\uart_example_arm.axf" 
Set JLink Project File to "F:\51822project\Board\pca10001\uart_example\arm\JLinkSettings.ini"
* JLink Info: Device "NRF51822_XXAA" selected (257 KB flash, 16 KB RAM).
 
JLink info:
------------
DLL: V4.92 , compiled Sep 30 2014 09:33:42
Firmware: J-Link ARM-OB STM32 compiled Aug 22 2012 19:52:04
Hardware: V7.00
S/N : 20090928 
Feature(s) : RDI,FlashDL,FlashBP,JFlash,GDBFull 
 
* JLink Info: Found SWD-DP with ID 0x0BB11477
* JLink Info: Found Cortex-M0 r0p0, Little endian.
* JLink Info: FPUnit: 4 code (BP) slots and 0 literal slots
ROMTableAddr = 0xE00FF003
 
Target info:
------------
Device: nRF51822_xxAA
VTarget = 3.300V
State of Pins: 
TCK: 0, TDI: 0, TDO: 1, TMS: 0, TRES: 1, TRST: 1
Hardware-Breakpoints: 4
Software-Breakpoints: 8192
Watchpoints:          2
JTAG speed: 2000 kHz
 
Erase Failed!
Build target 'nrf51822_xxaa (256K)'
Clean started - Project: 'uart_example'
   deleting intermediate output files for target 'nrf51822_xxaa (256K)'
compiling main.c...
..\main.c(91): warning:  #177-D: variable "status" was declared but never referenced
..\main.c(55): warning:  #177-D: function "uart_quit" was declared but never referenced
..\main.c(83): warning:  #177-D: function "uart_loopback_test" was declared but never referenced
compiling system_nrf51.c...
assembling startup_arm_nrf51.s...
compiling simple_uart.c...
linking...
Program Size: Code=616 RO-data=208 RW-data=8 ZI-data=2048  
".\_build\uart_example_arm.axf" - 0 Errors, 3 Warning(s).

*** Performing Cross-Module-Optimization:
compiling main.c...
..\main.c(91): warning:  #177-D: variable "status" was declared but never referenced
..\main.c(55): warning:  #177-D: function "uart_quit" was declared but never referenced
..\main.c(83): warning:  #177-D: function "uart_loopback_test" was declared but never referenced
compiling system_nrf51.c...
compiling simple_uart.c...
linking...
Program Size: Code=616 RO-data=208 RW-data=8 ZI-data=2048  
FromELF: creating hex file...
".\_build\uart_example_arm.axf" - 0 Errors, 3 Warning(s).
*** Completed Cross-Module-Optimization after 2 iteration(s).
Load "F:\\51822project\\Board\\pca10001\\uart_example\\arm\\_build\\uart_example_arm.axf" 
Set JLink Project File to "F:\51822project\Board\pca10001\uart_example\arm\JLinkSettings.ini"
* JLink Info: Device "NRF51822_XXAA" selected (257 KB flash, 16 KB RAM).
 
JLink info:
------------
DLL: V4.92 , compiled Sep 30 2014 09:33:42
Firmware: J-Link ARM-OB STM32 compiled Aug 22 2012 19:52:04
Hardware: V7.00
S/N : 20090928 
Feature(s) : RDI,FlashDL,FlashBP,JFlash,GDBFull 
 
* JLink Info: Found SWD-DP with ID 0x0BB11477
* JLink Info: Found Cortex-M0 r0p0, Little endian.
* JLink Info: FPUnit: 4 code (BP) slots and 0 literal slots
ROMTableAddr = 0xE00FF003
 
Target info:
------------
Device: nRF51822_xxAA
VTarget = 3.300V
State of Pins: 
TCK: 0, TDI: 0, TDO: 1, TMS: 0, TRES: 1, TRST: 1
Hardware-Breakpoints: 4
Software-Breakpoints: 8192
Watchpoints:          2
JTAG speed: 2000 kHz
 
Erase Done.
Programming Done.
Verify OK.
Application running ...
Load "F:\\51822project\\Board\\pca10001\\uart_example\\arm\\_build\\uart_example_arm.axf" 
Set JLink Project File to "F:\51822project\Board\pca10001\uart_example\arm\JLinkSettings.ini"
* JLink Info: Device "NRF51822_XXAA" selected (257 KB flash, 16 KB RAM).
 
JLink info:
------------
DLL: V4.92 , compiled Sep 30 2014 09:33:42
Firmware: J-Link ARM-OB STM32 compiled Aug 22 2012 19:52:04
Hardware: V7.00
S/N : 20090928 
Feature(s) : RDI,FlashDL,FlashBP,JFlash,GDBFull 
 
* JLink Info: Found SWD-DP with ID 0x0BB11477
* JLink Info: Found Cortex-M0 r0p0, Little endian.
* JLink Info: FPUnit: 4 code (BP) slots and 0 literal slots
ROMTableAddr = 0xE00FF003
 
Target info:
------------
Device: nRF51822_xxAA
VTarget = 3.300V
State of Pins: 
TCK: 0, TDI: 0, TDO: 1, TMS: 0, TRES: 1, TRST: 1
Hardware-Breakpoints: 4
Software-Breakpoints: 8192
Watchpoints:          2
JTAG speed: 2000 kHz
 
Erase Done.
Programming Done.
Verify OK.
Application running ...
